> Task :compileJava NO-SOURCE
> Task :processResources NO-SOURCE
> Task :classes UP-TO-DATE
> Task :jar UP-TO-DATE
> Task :assemble UP-TO-DATE
> Task :check
> Task :build
> Task :common:compileJava UP-TO-DATE
> Task :agent:compileJava UP-TO-DATE
> Task :agent:processResources NO-SOURCE
> Task :agent:classes UP-TO-DATE
> Task :common:processResources NO-SOURCE
> Task :common:classes UP-TO-DATE
> Task :common:jar UP-TO-DATE
> Task :agent:jar UP-TO-DATE
> Task :agent:assemble UP-TO-DATE
> Task :agent:check
> Task :agent:build
> Task :cli:compileJava UP-TO-DATE
> Task :cli:processResources NO-SOURCE
> Task :cli:classes UP-TO-DATE
> Task :cli:jar UP-TO-DATE
> Task :cli:assemble UP-TO-DATE
> Task :cli:check
> Task :cli:build
> Task :common:assemble UP-TO-DATE
> Task :common:check
> Task :common:build
> Task :sample:compileJava UP-TO-DATE
> Task :sample:processResources NO-SOURCE
> Task :sample:classes UP-TO-DATE
> Task :sample:jar UP-TO-DATE
> Task :sample:startScripts UP-TO-DATE
> Task :sample:distTar UP-TO-DATE
> Task :sample:distZip UP-TO-DATE
> Task :sample:assemble UP-TO-DATE
> Task :sample:check
> Task :sample:build
> Task :spring-sample:compileJava FAILED
./gradlew : 
No linha:1 caractere:1
+ ./gradlew build -x 
test > 
build_error.log 2>&1
+ ~~~~~~~~~~~~~~~~~~~~
~~~~~~~~~~~~~~~~~~~~~~
~~~~
    + CategoryInfo    
          : NotSpeci  
  fied: (:String) [   
 ], RemoteExceptio    
n
    + FullyQualifiedE 
   rrorId : NativeCo  
  mmandError
 
FAILURE: Build failed 
with an exception.

* What went wrong:
Execution failed for 
task ':spring-sample:c
ompileJava'.
> Failed to notify 
dependency resolution 
listener.
   > 'java.util.Set or
g.gradle.api.artifacts
.LenientConfiguration.
getArtifacts(org.gradl
e.api.specs.Spec)'

* Try:
> Run with 
--stacktrace option 
to get the stack 
trace.
> Run with --info or 
--debug option to get 
more log output.
> Run with --scan to 
generate a Build Scan 
(Powered by 
Develocity).
> Get more help at htt
ps://help.gradle.org.

BUILD FAILED in 1s
13 actionable tasks: 1 executed, 12 up-to-date
